2026-04-17 13:38:45 - INFO - Loading input from: /Users/sam/Documents/Pascasarjana/Python/journal-2/pipeline/data/output/reviews_cleaned.csv
2026-04-17 13:38:45 - INFO - Total rows: 1098 | Already translated: 0 | Remaining: 1098
2026-04-17 13:39:47 - INFO - Session progress: 50 translated | Total done: 50/1098. Auto-saving...
2026-04-17 13:40:49 - INFO - Session progress: 100 translated | Total done: 100/1098. Auto-saving...
2026-04-17 13:41:47 - INFO - Session progress: 150 translated | Total done: 150/1098. Auto-saving...
2026-04-17 13:42:36 - INFO - Session progress: 200 translated | Total done: 200/1098. Auto-saving...
2026-04-17 13:43:29 - INFO - Session progress: 250 translated | Total done: 250/1098. Auto-saving...
2026-04-17 13:44:13 - INFO - Session progress: 300 translated | Total done: 300/1098. Auto-saving...
2026-04-17 13:45:04 - INFO - Session progress: 350 translated | Total done: 350/1098. Auto-saving...
2026-04-17 13:45:08 - WARNING - Translation interrupted by user.
2026-04-17 13:45:08 - INFO - Progress saved. 356 rows translated this session.
2026-04-17 13:45:08 - INFO - Translation incomplete. Re-run to continue from where it stopped.
2026-04-18 09:53:44 - INFO - Existing output found. Resuming from: /Users/sam/Documents/Pascasarjana/Python/journal-2/pipeline/data/output/reviews_translated.csv
2026-04-18 09:53:44 - INFO - Total rows: 1098 | Already translated: 356 | Remaining: 742
2026-04-18 09:54:27 - INFO - Session progress: 50 translated | Total done: 406/1098. Auto-saving...
2026-04-18 09:55:13 - INFO - Session progress: 100 translated | Total done: 456/1098. Auto-saving...
2026-04-18 09:55:57 - INFO - Session progress: 150 translated | Total done: 506/1098. Auto-saving...
2026-04-18 09:56:44 - INFO - Session progress: 200 translated | Total done: 556/1098. Auto-saving...
2026-04-18 09:57:46 - INFO - Session progress: 250 translated | Total done: 606/1098. Auto-saving...
2026-04-18 09:58:28 - INFO - Session progress: 300 translated | Total done: 656/1098. Auto-saving...
2026-04-18 09:59:10 - INFO - Session progress: 350 translated | Total done: 706/1098. Auto-saving...
2026-04-18 09:59:55 - INFO - Session progress: 400 translated | Total done: 756/1098. Auto-saving...
2026-04-18 10:00:42 - INFO - Session progress: 450 translated | Total done: 806/1098. Auto-saving...
2026-04-18 10:01:30 - INFO - Session progress: 500 translated | Total done: 856/1098. Auto-saving...
2026-04-18 10:02:17 - INFO - Session progress: 550 translated | Total done: 906/1098. Auto-saving...
2026-04-18 10:02:58 - INFO - Session progress: 600 translated | Total done: 956/1098. Auto-saving...
2026-04-18 10:03:38 - INFO - Session progress: 650 translated | Total done: 1006/1098. Auto-saving...
2026-04-18 10:04:40 - INFO - Session progress: 700 translated | Total done: 1056/1098. Auto-saving...
2026-04-18 10:05:12 - INFO - Progress saved. 742 rows translated this session.
2026-04-18 10:05:12 - INFO - All rows translated. Applying post-translation text processing...
2026-04-18 10:05:12 - INFO - Translation complete. 1098 rows saved to: /Users/sam/Documents/Pascasarjana/Python/journal-2/pipeline/data/output/reviews_translated.csv
